[www.the99apartments.com/index.html]
[www.the99apartments.com/logo.svg]
[www.the99apartments.com/icon.ico]
[www.the99apartments.com/_next/static/media/2c062342b1fab89d-s.p.woff2]
[www.the99apartments.com/_next/static/media/8a46cfca7977140b-s.p.woff2]
[www.the99apartments.com/_next/static/media/decf5989f4e7f901-s.p.woff2]
[www.the99apartments.com/_next/static/media/2cc74b96cdc9383d-s.p.woff2]
[www.the99apartments.com/_next/static/media/c99ef75952aca458-s.p.woff2]
[www.the99apartments.com/_next/static/media/7c1535108079abc4-s.p.woff2]
[www.the99apartments.com/_next/static/media/cf1f69a0c8aed54d-s.p.woff2]
[www.the99apartments.com/_next/static/media/8f91baacbcce7392-s.p.woff2]
[www.the99apartments.com/_next/static/media/f0496e21808c976b-s.p.woff2]
[www.the99apartments.com/_next/static/media/7108afb8b1381ad1-s.p.woff2]
[www.the99apartments.com/_next/static/media/9e82d62334b205f4-s.p.woff2]
[www.the99apartments.com/_next/static/media/4c285fdca692ea22-s.p.woff2]
[www.the99apartments.com/_next/static/media/eafabf029ad39a43-s.p.woff2]
[www.the99apartments.com/_next/static/media/8888a3826f4a3af4-s.p.woff2]
[www.the99apartments.com/_next/static/media/0484562807a97172-s.p.woff2]
[www.the99apartments.com/_next/static/media/b957ea75a84b6ea7-s.p.woff2]
[www.the99apartments.com/_next/static/media/7db6c35d839a711c-s.p.woff2]
[www.the99apartments.com/_next/static/media/6245472ced48d3be-s.p.woff2]
[www.the99apartments.com/_next/static/css/339706e6d6fc10f3.css]
[www.the99apartments.com/_next/static/chunks/polyfills-c67a75d1b6f99dc8.js]
[www.the99apartments.com/_next/static/chunks/4571.f2e62112875bfc3b.js]
[www.the99apartments.com/_next/static/chunks/378.e11e70d4e53205a8.js]
[www.the99apartments.com/_next/static/chunks/webpack-e872a8c17d86db03.js]
[www.the99apartments.com/_next/static/chunks/framework-3671d8951bf44e4e.js]
[www.the99apartments.com/_next/static/chunks/main-754f456e4536651e.js]
[www.the99apartments.com/_next/static/chunks/pages/_app-e1f4d08cb97d3890.js]
[www.the99apartments.com/_next/static/chunks/95b64a6e-da1a965500b53201.js]
[www.the99apartments.com/_next/static/chunks/252f366e-a9f6ac978fc012a2.js]
[www.the99apartments.com/_next/static/chunks/ae51ba48-487ddb5985903e3d.js]
[www.the99apartments.com/_next/static/chunks/2310-46d33a746fa4808c.js]
[www.the99apartments.com/_next/static/chunks/4256-c31ece580f47bcb5.js]
[www.the99apartments.com/_next/static/chunks/pages/index-6802a82983a049fc.js]
[www.the99apartments.com/_next/static/uL4oWBUllxCoJ0c9a_i_6/_buildManifest.js]
[backblue.gif]
[fade.gif]
[index.html]
[www.the99apartments.com/_next/static/uL4oWBUllxCoJ0c9a_i_6/_ssgManifest.js]
[www.the99apartments.com/login.html]
[www.the99apartments.com/sign-up.html]
[www.the99apartments.com/about.html]
[www.the99apartments.com/spliteazy.html]
[www.the99apartments.com/payeazy.html]
[www.the99apartments.com/_next/product-logoc6e9.png]
[www.the99apartments.com/_next/shortlets98a6.png]
[www.the99apartments.com/_next/shared-housing3dc3.png]
[www.the99apartments.com/_next/creditac13.png]
[www.the99apartments.com/_next/fms6915.png]
[www.the99apartments.com/_next/needde6a.png]
[www.the99apartments.com/_next/maild5f7.png]
[www.the99apartments.com/coops]
[www.the99apartments.com/index.html]
[www.the99apartments.com/logo.svg]
[www.the99apartments.com/hero-bg.png]
[www.the99apartments.com/promo.jpg]
[www.the99apartments.com/_next/static/media/2e7d59395f7802aa-s.woff2]
[www.the99apartments.com/_next/static/media/4b2c76e277457ca7-s.woff2]
[www.the99apartments.com/_next/static/media/53f74bc14e929f80-s.woff2]
[www.the99apartments.com/_next/static/media/2641bfa8d355064d-s.woff2]
[www.the99apartments.com/_next/static/media/c393c397a049ab95-s.woff2]
[www.the99apartments.com/_next/static/media/3d88ad18e9ebd0fb-s.woff2]
[www.the99apartments.com/_next/static/media/d8a0c67dc31f196e-s.woff2]
[www.the99apartments.com/_next/static/media/e4f1ac6216f8d8cb-s.woff2]
[www.the99apartments.com/_next/static/media/7361da631c442576-s.woff2]
[www.the99apartments.com/_next/static/media/94575ae3783e7c88-s.woff2]
[www.the99apartments.com/_next/static/media/f7099cae2a5aa83f-s.woff2]
[www.the99apartments.com/_next/static/media/8d346445d24062b5-s.woff2]
[www.the99apartments.com/_next/static/media/46c21389e888bf13-s.woff2]
[www.the99apartments.com/_next/static/media/f5767adec246cdc1-s.woff2]
[www.the99apartments.com/_next/static/media/0a03a6d30c07af2e-s.woff2]
[www.the99apartments.com/_next/static/media/30cd8f99d32fa6e8-s.woff2]
[www.the99apartments.com/_next/static/media/dfa2ccbeca9e77a8-s.woff2]
[www.the99apartments.com/_next/static/media/3f9466fc53690ba7-s.woff2]
[www.the99apartments.com/_next/static/css/339706e6d6fc10f3.css]
[www.the99apartments.com/_next/static/chunks/0c428ae2-d86869b9dfc42ab3.js]
[www.the99apartments.com/_next/static/chunks/6447-7622cb3472b6767e.js]
[www.the99apartments.com/_next/static/chunks/385-b3a8bfd06df8c55d.js]
[www.the99apartments.com/_next/static/chunks/7000-9115b12c5809249d.js]
[www.the99apartments.com/_next/static/chunks/pages/login-194f4950b923f240.js]
[www.the99apartments.com/_next/logo-99Apartments-blue--wide 140e7.png]
[www.the99apartments.com/_next/Framec4e0.png]
[www.the99apartments.com/login.html]
[www.the99apartments.com/sign-up.html]
[www.the99apartments.com/_next/static/chunks/pages/sign-up-452898f713bfc48e.js]
[www.the99apartments.com/_next/static/chunks/pages/about-fe21bead0a46ae4a.js]
[www.the99apartments.com/_next/Frame 480978329c16.webp]
[www.the99apartments.com/_next/image 48f2d7.webp]
[www.the99apartments.com/about.html]
[www.the99apartments.com/_next/static/chunks/d7eeaac4-d911a10016dfe005.js]
[www.the99apartments.com/_next/static/chunks/8189-1af95341f1c89c22.js]
[www.the99apartments.com/_next/static/chunks/8301-b4aaf9ec7f9f9744.js]
[www.the99apartments.com/_next/static/chunks/pages/spliteazy-c52a6cc7014ef435.js]
[www.the99apartments.com/'/hero.png']
[www.the99apartments.com/spliteazy.html]
[www.the99apartments.com/_next/static/chunks/pages/payeazy-6ebb75b64dea1a2c.js]
[www.the99apartments.com/'/credit.png']
[www.the99apartments.com/payeazy.html]
[www.the99apartments.com/coops.html]
[www.the99apartments.com/'/hero.html]
[www.the99apartments.com/'/credit.html]
